--------------------------------------------------------------------------------
--                         Initial environment setup
--------------------------------------------------------------------------------

$ loadkeys uk
$ timedatectl

--------------------------------------------------------------------------------
--                               Drive setup
--------------------------------------------------------------------------------

-- Also `cgdisk` for a graphical setup

$ lsblk
$ fdisk /dev/nvme0n1
  g
  n
  Enter *2
  +1G
  t
  1
  n
  Enter *3
$ mkfs.fat -F32 /dev/nvme0n1p1
$ mkfs.ext4 /dev/nvme0n1p2

--------------------------------------------------------------------------------
--                              Bootstrap Arch
--------------------------------------------------------------------------------

$ mount /dev/nvme0n1p2 /mnt
$ mount --mkdir /dev/nvme0n1p1 /mnt/boot
$ pacstrap -K /mnt base base-devel linux linux-firmware amd-ucode
$ genfstab -U /mnt >> /mnt/etc/fstab

--------------------------------------------------------------------------------
--                               Networking 1
--------------------------------------------------------------------------------

$ systemctl
! Find network adapter name in use (E.g. `eno1`)
$ sudo nano /mnt/etc/systemd/network/20-wired.network
```
[Match]
Name=$NAME_FOUND_ABOVE$

[Network]
DHCP=yes
```

$ arch-chroot /mnt

--------------------------------------------------------------------------------
--                              Core packages
--------------------------------------------------------------------------------

> /etc/pacman.conf
! Uncomment `ParallelDownloads` and set to 16
ParallelDownloads = 16

$ pacman -S grub efibootmgr sudo wget vim nano less tldr git pass cmake ninja meson flatpak kitty

--------------------------------------------------------------------------------
--                      Configure locale persistently
--------------------------------------------------------------------------------

$ ln -fs /usr/share/zoneinfo/Europe/London /etc/localtime
$ systemctl enable systemd-timesyncd.service
$ hwclock --systohc

$ echo "en_US.UTF-8 UTF-8
  en_GB.UTF-8 UTF-8" > /etc/locale.gen
$ locale-gen
$ echo "LANG=en_GB.UTF-8" > /etc/locale.conf
$ echo "KEYMAP=uk" > /etc/vconsole.conf

--------------------------------------------------------------------------------
--                              GRUB Bootloader
--------------------------------------------------------------------------------

$ grub-install --target=x86_64-efi --efi-directory=/boot bootloader-id=GRUB
-- We'll mkconfig later before rebooting

--------------------------------------------------------------------------------
--                                 Swapfile
--------------------------------------------------------------------------------

$ mkswap -U clear --size 16G --file /swapfile
> /etc/fstab
! Add the following line:
/swapfile none swap defaults 0 0

--------------------------------------------------------------------------------
--                               Systemd logs
--------------------------------------------------------------------------------

$ mkdir /etc/systemd/journald.conf.d
> /etc/systemd/journald.conf.d/10-maxsize.conf
[Journal]
SystemMaxUse=100M

$ sudo systemctl restart systemd-journald

--------------------------------------------------------------------------------
--                                  Users
--------------------------------------------------------------------------------

$ passwd
  ...

$ useradd -m -g users -G wheel -s /bin/bash darian
$ passwd darian
  ...

$ visudo
  Uncomment:
  %wheel ALL=(ALL:ALL) NOPASSWD: ALL

# Reduce lockout time to 5s
> /etc/security/faillock.conf
! Change `# unlock_time = 600` to `unlock_time = 5`

--------------------------------------------------------------------------------
--                               Networking 2
--------------------------------------------------------------------------------

$ echo "arch" > /etc/hostname
$ systemctl enable systemd-networkd.service
$ systemctl enable systemd-resolved.service
$ sudo ln -fs /run/systemd/resolve/stub-resolv.conf /etc/resolv.conf

--------------------------------------------------------------------------------
--                          SysRq shortcut Enable
--------------------------------------------------------------------------------

echo "kernel.sysrq=1" > /etc/sysctl.d/99-sysctl.conf

--------------------------------------------------------------------------------
--                           Setup yay AUR helper
--------------------------------------------------------------------------------

$ git clone https://aur.archlinux.org/yay.git
$ cd yay
$ makepkg -si
$ cd ..
$ rm -rf yay

--------------------------------------------------------------------------------
--                  Enable multilib for 32 bit applications
--------------------------------------------------------------------------------

$ sudo nano /etc/pacman.conf
-- Uncomment the following
  [multilib]
  Include = /etc/pacman.d/mirrorlist
$ pacman -Syu

--------------------------------------------------------------------------------
--                            NVIDIA beta drivers
--------------------------------------------------------------------------------

-- Remove old drivers if necessary
$ sudo yay -Rd --nodeps nvidia-dkms nvidia-utils lib32-nvidia-utils
-- `--nodeps` is used so Steam doesn't complain about having its dependencies removed.

$ sudo yay -S nvidia-beta-dkms nvidia-utils-beta lib32-nvidia-utils-beta

-- See <https://wiki.hyprland.org/Nvidia/>
-- To fix wayland compositors crashing on launch

-- See<https://wiki.archlinux.org/title/NVIDIA/Tips_and_tricks#Preserve_video_memory_after_suspend>
-- To fix system corruption on sleep/resume

$ sudo pacman -S linux-headers egl-wayland

> /etc/default/grub
-- add `nvidia_drm.modeset=1 nvidia.NVreg_PreserveVideoMemoryAllocations=1 nvidia.NVreg_TemporaryFilePath=/var/tmp nvidia.NVreg_UsePageAttributeTable=1` to the end of `GRUB_CMDLINE_LINUX_DEFAULT=`
  GRUB_CMDLINE_LINUX_DEFAULT="loglevel=3 quiet nvidia_drm.modeset=1 nvidia.NVreg_PreserveVideoMemoryAllocations=1 nvidia.NVreg_TemporaryFilePath=/var/tmp nvidia.NVreg_UsePageAttributeTable=1"

-- TODO: What about `nvidia_drm.fbdev=1`? Causes black screen when launching KDE Plasma in Wayland

> /etc/mkinitcpio.conf
-- add `nvidia nvidia_modeset nvidia_uvm nvidia_drm` to MODULES
  MODULES=(nvidia nvidia_modeset nvidia_uvm nvidia_drm)

-- remove `kms` from `HOOKS` as per https://wiki.archlinux.org/title/NVIDIA > Installation > Step 5
-- (this avoids dragging in the nouveau module just to be blacklisted later anyway)
-- E.g BEFORE removal: HOOKS=(base udev autodetect microcode modconf kms keyboard keymap consolefont block filesystems fsck)
  HOOKS=(base udev autodetect microcode modconf keyboard keymap consolefont block filesystems fsck)

$ sudo systemctl enable nvidia-suspend.service
$ sudo systemctl enable nvidia-resume.service

-- grub-mkconfig && mkinitcpio if reinstalling / updating

--------------------------------------------------------------------------------
--                                  Reboot
--------------------------------------------------------------------------------

$ sudo grub-mkconfig -o /boot/grub/grub.cfg
$ sudo mkinitcpio -P
$ exit
$ reboot

--------------------------------------------------------------------------------
--                                 Pipewire
--------------------------------------------------------------------------------

$ sudo pacman -S pipewire lib32-pipewire wireplumber pipewire-alsa pipewire-pulse pipewire-jack

--------------------------------------------------------------------------------
--                                GPG Keys
--------------------------------------------------------------------------------

$ sudo pacman -S pass
$ gpg --gen-key
$ gpg --export-secret-keys | gpg2 --import
$ pass init <gpg-id>
! <gpg-id> is the long string of characters from the key as shown by `gpg --list-keys`

--------------------------------------------------------------------------------
--                                  Git
--------------------------------------------------------------------------------

-- Replace 2.5.0 with current latest version
$ curl -OL https://github.com/git-ecosystem/git-credential-manager/releases/download/v2.5.0/gcm-linux_amd64.2.5.0.tar.gz
$ sudo tar -xvf gcm-linux_amd64.2.5.0.tar.gz -C /usr/local/bin
$ rm gcm-linux_amd64.2.5.0.tar.gz

git-credential-manager configure
git config --global credential.credentialStore gpg
git config --global core.editor "vim"
git config --global user.name "Darianopolis"
git config --global user.email "darianopolis@gmail.com

--------------------------------------------------------------------------------
--                               Applications
--------------------------------------------------------------------------------

$ sudo pacman -S firefox blesh fastfetch starship otf-firamono-nerd evtest joyutils steam
$ yay -S visual-studio-code-bin 1password expressvpn game-devices-udev
$ flatpak install flathub com.discordapp.Discord com.obsproject.Studio com.spotify.Client

--------------------------------------------------------------------------------
--                         Dev Applications & Packages
--------------------------------------------------------------------------------

$ sudo pacman -S go vulkan-devel renderdoc

-- Vulkan Caps Viewer
$ curl -L -o vulkanCapsViewer.AppImage https://vulkan.gpuinfo.org/downloads/vulkancapsviewer_3.40_linux64_wayland.AppImage
$ chmod +x vulkanCapsViewer.AppImage
$ sudo mv vulkanCapsViewer.AppImage /usr/local/bin/vulkanCapsViewer.AppImage
> /usr/share/applications/vulkancapsviewer.desktop
```
[Desktop Entry]
Encoding=UTF-8
Type=Application
Name=Vulkan Caps Viewer
Comment=Vulkan Hardware Capability Viewer
Exec=/usr/local/bin/vulkanCapsViewer.AppImage
Terminal=false
StartupNotify=false
Categories=Application;Graphics;Development;
X-AppImage-Version=wayland
```

$ go install github.com/boyter/scc@master

--------------------------------------------------------------------------------
--                            Mouse Accel Drivers
--------------------------------------------------------------------------------

-- https://github.com/Gnarus-G/maccel
-- Verify install.sh to make sure it hasn't been tampered with!

$ curl -fsSL https://www.maccel.org/install.sh | sudo MACCEL_LEETMOUSE_HID_PARSER=1 sh
$ sudo usermod -aG maccel darian

$ sudo maccel set sens-mult 0.5
$ sudo maccel set accel 0.075
$ sudo maccel set offset 2

$ sudo maccel bindall

IMPORTANT: *uninstall* before booting into updated kernel or you will break mouse input
  $ sh /opt/maccel/uninstall.sh
  reboot, then reinstall with above instructions

--------------------------------------------------------------------------------
--                           Wooting Keyboard Setup
--------------------------------------------------------------------------------

-- https://help.wooting.io/article/147-configuring-device-access-for-wootility-under-linux-udev-rules

> /etc/udev/rules.d/70-wooting.rules
```
# Wooting One Legacy
SUBSYSTEM=="hidraw", ATTRS{idVendor}=="03eb", ATTRS{idProduct}=="ff01", TAG+="uaccess"
SUBSYSTEM=="usb", ATTRS{idVendor}=="03eb", ATTRS{idProduct}=="ff01", TAG+="uaccess"

# Wooting One update mode
SUBSYSTEM=="hidraw", ATTRS{idVendor}=="03eb", ATTRS{idProduct}=="2402", TAG+="uaccess"

# Wooting Two Legacy
SUBSYSTEM=="hidraw", ATTRS{idVendor}=="03eb", ATTRS{idProduct}=="ff02", TAG+="uaccess"
SUBSYSTEM=="usb", ATTRS{idVendor}=="03eb", ATTRS{idProduct}=="ff02", TAG+="uaccess"

# Wooting Two update mode
SUBSYSTEM=="hidraw", ATTRS{idVendor}=="03eb", ATTRS{idProduct}=="2403", TAG+="uaccess"

# Generic Wootings
SUBSYSTEM=="hidraw", ATTRS{idVendor}=="31e3", TAG+="uaccess"
SUBSYSTEM=="usb", ATTRS{idVendor}=="31e3", TAG+="uaccess"
```
$ sudo udevadm control --reload-rules && sudo udevadm trigger

TODO: Check if "mouse" device was causing menu issues in Elite Dangerous - "Wooting Wooting Two HE (ARM) Mouse"

--------------------------------------------------------------------------------
--                                KDE Plasma
--------------------------------------------------------------------------------

sudo pacman -S plasma-meta xorg-init kwalletmanager dolphin

$ sudo pacman -S plasma-desktop xorg-xinit
> ~/plasma
  #!/bin/bash
  /usr/lib/plasma-dbus-run-session-if-needed /usr/bin/startplasma-wayland
$ chmod +x ~/plasma
> ~/plasmax
  #!/bin/bash
  startx /usr/bin/startplasma-x11
$ chmod +x ~/plasmax

--------------------------------------------------------------------------------
--                            KDE Plasma GUI Tweaks
--------------------------------------------------------------------------------

-- Keyboard settings
! System Settings > Keyboard > Layouts > Configure Layout: Enable > Add Layout: English (UK) (map = gb)

-- KeePassXC
$ sudo pacman -S keepassxc
! System Settings -> KDE Wallet -> Disable the KDE wallet subsystem
! KeePassXC -> Tools -> Settings -> Secret Service Integration -> Enable KeepassXC Freedesktop.org Secret Service integration

-- Styling
! System Settings > Colours & Themes > Global Theme: Breeze Dark
! System Settings > Window Management > Desktop Effects > Blur > Blur strength: 4th notch
!                                                              > Noise strength: 6th notch

-- KRunner
! System Settings > Plasma Search > Configure KRunner > Position on screen: Centre
! System Settings > Keyboard > Shortcuts > KRunner > KRunner > Add Custom Shortcut: Ctrl+Shift+Space

-- KZones: <https://github.com/SinanAkkoyun/kde-kzone>
! KWin Script > Get New > KZones
! KZones properties:
  ! Untick: `Remember and restore window geometries`
  ! Set layout to contents of <kzones.layout.json>

-- Disable automatic sleep / display lock
! System Settings > Power Management > After a period of inactivity: Do Nothing
!                                          > Dim automatically: Never
!                                          > Turn off screen: Never
! System Settings > Screen Locking > Lock screen automatically: Never
!                                  > Lock after waking from sleep: Disabled

-- Mouse settings
! System Settings > Mouse & Touchpad > Screen Edges > Screen Top-Left: No Action
!                                                   > Maximize (Windows dragged to top edge): Disabled
!                                                   > Tile (Windows dragged to left or right edge): Disabled
!                                                   > Corner barrier: Disabled
!                                                   > Edge Barrier: None
!                                    > Mouse > Pointer Speed:        0.20
!                                            > Pointer Acceleration: None
!                 > Accessibility > Shake Cursor: Disable

-- TODO: Migrate all this to stored .config files
--       See <https://www.youtube.com/watch?v=toGaph9SVbg> for relevant `.config` files

--------------------------------------------------------------------------------
--                                Firefox Tweaks
--------------------------------------------------------------------------------

! about:preferences > General > Startup > Open previous windows and tabs
!                                       > Always check if Firefox is your default browser
!                             > Language & Appearance > Website appearance: Dark
!                             > Files and Applications > Downloads > Always ask you where to save files: Yes
!                   > Home > Firefox Home Content > Shortcuts > Sponsored Shortcuts: Disabled
!                                                 > Recent Activity: enabled
!                                                                   > Pages saved to Pocket: Disabled
!                   > Search > Default Search Engine: DuckDuckGo
!                   > Privacy & Security > Passwords > Ask to save passwords: Disable
!                                        > Autofill > Save and fill addresses: Disable
!                                        > Save and fill payment methods: Disable
!                                        > Firefox Data Collection and Use > Allow Firefox to send technical and interaction data to Mozilla: Disable

Addons
  1Password - Password Manager                    Password Manager

  Privacy Badger                                  Privacy
  AdBlocker Ultimate                              Privacy
  uBlock Origin                                   Privacy
  DuckDuckGo Privacy essentials                   Privacy
  ClearURLs                                       Privacy
  I don't care about cookies                      Privacy
  Cookie AutoDelete                               Privacy
    Whitelist:
      *.youtube.com
      *.google.com
      *.amazon.co.uk
      *.github.com
    Settings > Extension Options > Show Notifications After Automatic Cleanup: Disabled

  Copy PlainText                                  Utility
  Search by Image                                 Utility
  Tree Style Tab                                  Utility
  Video Flipper                                   Utility

  DeArrow                                         YouTube
  Hide shorts for YouTube                         YouTube
  Return YouTube Dislike                          YouTube
  SponsorBlock for YouTube - Skip Sponsorships    YouTube

--------------------------------------------------------------------------------
--                             Steam + Proton GE
--------------------------------------------------------------------------------

$ mkdir ~/.steam/root/compatibilitytools.d
! Download latest release from <https://github.com/GloriousEggroll/proton-ge-custom/releases>
$ tar -xf GE-Proton9.7.tar.gz -C ~/.steam/root/compatibilitytools.d/
! Restart Steam to udpate Proton versions

-- Euro Truck Simulator 2 Virtual Cursor Fix

-- Might need to adjust path for different /compatdata/xxxxxx/
> ~/.local/share/Steam/steamapps/compatdata/227300/pfx/drive_c/users/steamuser/Documents/Euro Truck Simulator 2/config.cfg
! Modify `i_virtual_cursor_speed` to set cursor speed to 0
uset i_virtual_cursor_speed "0"

--------------------------------------------------------------------------------
--                                ExpressVPN
--------------------------------------------------------------------------------

$ sudo systemctl enable --now expressvpn
$ expressvpn activate
$ expressvpn preferences set network_lock off
$ expressvpn connect

--------------------------------------------------------------------------------
--                       LLVM - clang, clangd, lldb, scc
--------------------------------------------------------------------------------

$ cd ~/dev/cloned
$ git clone https://github.com/llvm/llvm-project.git --recursive && cd llvm-project
$ mkdir build && cd build
$ cmake -G Ninja -DLLVM_ENABLE_PROJECTS="clang;lldb;clang-tools-extra" -DCMAKE_BUILD_TYPE=Release -DCMAKE_INSTALL_PREFIX=/usr/local ../llvm
$ ninja
$ sudo ninja install

--------------------------------------------------------------------------------
--                                 wlroots
--------------------------------------------------------------------------------

$ git clone https://gitlab.freedesktop.org/wlroots/wlroots.git &&
$ cd wlroots
! play package whackamole until everything is buildable
$ sudo pacman -S wayland-protocols seatd libliftoff xcb-util-errors
$ meson setup --reconfigure build/
$ ninja -C build
$ sudo ninja -C build/ install

--------------------------------------------------------------------------------
--                                 TODO
--------------------------------------------------------------------------------

Impproved bash prompt setup?
  https://www.youtube.com/watch?v=0phdCAFFicY&list=PLhJQdULc4pyWR-u84ATOcNdG72ynrzls3&index=8

KDE Tweaks
  Always open krunner and window switcher on primary display?

Set up AppImage manager
  - AM - https://github.com/ivan-hc/AM
  - AppMan - https://github.com/ivan-hc/AppMan
  - AppImageLauncher - https://github.com/TheAssassin/AppImageLauncher

Freeze on suspend
  Related issue: "System stays frozen after suspend" https://github.com/systemd/systemd/issues/33269
  Seems to be fixed in kernel 6.9.6, released 21st June https://lwn.net/Articles/979263/
